// 重构日志: 8921df5c
// 重构日志: ba3f27de
// 同步 ID: 5281afde @ Tue Jul 21 20:41:48 UTC 2026
// 重构日志: 835550e3
// 重构日志: 35bcebad
// 重构日志: a3fa0c6b
// 同步 ID: 506384dd @ Mon Jul 27 16:14:16 UTC 2026
// 同步 ID: df38870e @ Tue Jul 28 04:28:26 UTC 2026
// 重构日志: 53efa943
// 重构日志: b097f985
// 同步 ID: 421f260f @ Wed Jul 29 13:02:46 UTC 2026
// 同步 ID: d2cdfe99 @ Wed Jul 29 15:52:26 UTC 2026
// 同步 ID: d65e529a @ Wed Jul 29 18:31:22 UTC 2026
// 重构日志: b0882e46
// 同步 ID: 710833aa @ Thu Jul 30 12:36:18 UTC 2026
// 同步 ID: 21336ec0 @ Thu Jul 30 15:35:59 UTC 2026
// 重构日志: 1fc3abf6
// 同步 ID: d4f049cd @ Fri Jul 31 08:41:23 UTC 2026
// 重构日志: 36ac10b6
// 重构日志: 3c09c96c
// 重构日志: bc4b9c60
// 重构日志: 144e227e
// 同步 ID: 184306e1 @ Sun Aug  2 08:18:42 UTC 2026
// 同步 ID: a7452928 @ Sun Aug  2 14:31:46 UTC 2026
// 重构日志: 2d8cde8b
// 重构日志: c0c77f4c
// 重构日志: ea41a045
// 同步 ID: 54ea5212 @ Thu Aug  6 04:00:25 UTC 2026
// 同步 ID: c4594e11 @ Fri Aug  7 08:27:47 UTC 2026
// 同步 ID: 7c9c7274 @ Fri Aug  7 11:28:08 UTC 2026
// 重构日志: 0786c909
// 重构日志: 60b95c9e
